[INFO|train|82] 2026-06-09T04:57:30+0000: Your device is: cuda
[INFO|dataset|206] 2026-06-09T04:57:30+0000: Number of training samples: 863
[INFO|dataset|207] 2026-06-09T04:57:30+0000: Number of validation samples: 216
[INFO|model|153] 2026-06-09T04:57:30+0000: Building model...
[INFO|model|154] 2026-06-09T04:57:30+0000: Loading EfficientNet_V2_S...
[INFO|train|102] 2026-06-09T04:57:38+0000: Loaded checkpoint from: /app/outputs/7replicator_phase2/run_20260609_043852_4455/best_checkpoint.pth
[INFO|train|191] 2026-06-09T04:57:38+0000: Unfrozen classifier blocks:
1 of 1
[INFO|train|197] 2026-06-09T04:57:38+0000: Unfrozen backbone blocks:
2 of 8
[INFO|train|139] 2026-06-09T04:57:38+0000: optimizer=AdamW (
Parameter Group 0
    amsgrad: False
    betas: (0.9, 0.999)
    capturable: False
    decoupled_weight_decay: True
    differentiable: False
    eps: 1e-08
    foreach: None
    fused: None
    initial_lr: 1e-05
    lr: 1e-05
    maximize: False
    weight_decay: 0.0001

Parameter Group 1
    amsgrad: False
    betas: (0.9, 0.999)
    capturable: False
    decoupled_weight_decay: True
    differentiable: False
    eps: 1e-08
    foreach: None
    fused: None
    initial_lr: 0.0001
    lr: 0.0001
    maximize: False
    weight_decay: 0.0001
)
[INFO|train|140] 2026-06-09T04:57:38+0000: criterion=CrossEntropyLoss()
[INFO|train|142] 2026-06-09T04:57:38+0000: 
Beginning training now:

[INFO|train|70] 2026-06-09T04:57:38+0000: Entering training epoch 0...
[DEBUG|Image|421] 2026-06-09T04:57:38+0000: Importing JpegImagePlugin
[DEBUG|Image|421] 2026-06-09T04:57:38+0000: Importing JpegImagePlugin
[INFO|train|72] 2026-06-09T04:57:47+0000: [epoch 0] training loss: 0.882
[INFO|train|73] 2026-06-09T04:57:47+0000: [epoch 0] training accuracy: 100.0 %
[DEBUG|Image|421] 2026-06-09T04:57:47+0000: Importing JpegImagePlugin
[DEBUG|Image|421] 2026-06-09T04:57:47+0000: Importing JpegImagePlugin
[INFO|train|77] 2026-06-09T04:57:48+0000: [epoch 0] validation loss: 1.667
[INFO|train|78] 2026-06-09T04:57:48+0000: [epoch 0] validation accuracy: 70.37037037037037 %
[INFO|train|97] 2026-06-09T04:57:50+0000: Finished epoch 0 at 0.2 minutes
[INFO|train|70] 2026-06-09T04:57:50+0000: Entering training epoch 1...
[DEBUG|Image|421] 2026-06-09T04:57:50+0000: Importing JpegImagePlugin
[DEBUG|Image|421] 2026-06-09T04:57:50+0000: Importing JpegImagePlugin
[INFO|train|72] 2026-06-09T04:57:59+0000: [epoch 1] training loss: 0.882
[INFO|train|73] 2026-06-09T04:57:59+0000: [epoch 1] training accuracy: 99.88412514484357 %
[DEBUG|Image|421] 2026-06-09T04:57:59+0000: Importing JpegImagePlugin
[DEBUG|Image|421] 2026-06-09T04:57:59+0000: Importing JpegImagePlugin
[INFO|train|77] 2026-06-09T04:58:00+0000: [epoch 1] validation loss: 1.646
[INFO|train|78] 2026-06-09T04:58:00+0000: [epoch 1] validation accuracy: 70.37037037037037 %
[INFO|train|97] 2026-06-09T04:58:01+0000: Finished epoch 1 at 0.4 minutes
[INFO|train|70] 2026-06-09T04:58:01+0000: Entering training epoch 2...
[DEBUG|Image|421] 2026-06-09T04:58:01+0000: Importing JpegImagePlugin
[DEBUG|Image|421] 2026-06-09T04:58:01+0000: Importing JpegImagePlugin
[INFO|train|72] 2026-06-09T04:58:10+0000: [epoch 2] training loss: 0.882
[INFO|train|73] 2026-06-09T04:58:10+0000: [epoch 2] training accuracy: 99.88412514484357 %
[DEBUG|Image|421] 2026-06-09T04:58:10+0000: Importing JpegImagePlugin
[DEBUG|Image|421] 2026-06-09T04:58:10+0000: Importing JpegImagePlugin
[INFO|train|77] 2026-06-09T04:58:11+0000: [epoch 2] validation loss: 1.625
[INFO|train|78] 2026-06-09T04:58:11+0000: [epoch 2] validation accuracy: 70.37037037037037 %
[INFO|train|97] 2026-06-09T04:58:12+0000: Finished epoch 2 at 0.6 minutes
[INFO|train|70] 2026-06-09T04:58:12+0000: Entering training epoch 3...
[DEBUG|Image|421] 2026-06-09T04:58:12+0000: Importing JpegImagePlugin
[DEBUG|Image|421] 2026-06-09T04:58:12+0000: Importing JpegImagePlugin
[INFO|train|72] 2026-06-09T04:58:21+0000: [epoch 3] training loss: 0.878
[INFO|train|73] 2026-06-09T04:58:21+0000: [epoch 3] training accuracy: 100.0 %
[DEBUG|Image|421] 2026-06-09T04:58:21+0000: Importing JpegImagePlugin
[DEBUG|Image|421] 2026-06-09T04:58:21+0000: Importing JpegImagePlugin
[INFO|train|77] 2026-06-09T04:58:22+0000: [epoch 3] validation loss: 1.642
[INFO|train|78] 2026-06-09T04:58:22+0000: [epoch 3] validation accuracy: 71.75925925925925 %
[INFO|train|97] 2026-06-09T04:58:24+0000: Finished epoch 3 at 0.8 minutes
[INFO|train|70] 2026-06-09T04:58:24+0000: Entering training epoch 4...
[DEBUG|Image|421] 2026-06-09T04:58:24+0000: Importing JpegImagePlugin
[DEBUG|Image|421] 2026-06-09T04:58:24+0000: Importing JpegImagePlugin
[INFO|train|72] 2026-06-09T04:58:33+0000: [epoch 4] training loss: 0.875
[INFO|train|73] 2026-06-09T04:58:33+0000: [epoch 4] training accuracy: 100.0 %
[DEBUG|Image|421] 2026-06-09T04:58:33+0000: Importing JpegImagePlugin
[DEBUG|Image|421] 2026-06-09T04:58:33+0000: Importing JpegImagePlugin
[INFO|train|77] 2026-06-09T04:58:34+0000: [epoch 4] validation loss: 1.627
[INFO|train|78] 2026-06-09T04:58:34+0000: [epoch 4] validation accuracy: 72.22222222222223 %
[INFO|train|97] 2026-06-09T04:58:36+0000: Finished epoch 4 at 1.0 minutes
[INFO|train|70] 2026-06-09T04:58:36+0000: Entering training epoch 5...
[DEBUG|Image|421] 2026-06-09T04:58:36+0000: Importing JpegImagePlugin
[DEBUG|Image|421] 2026-06-09T04:58:36+0000: Importing JpegImagePlugin
[INFO|train|72] 2026-06-09T04:58:44+0000: [epoch 5] training loss: 0.882
[INFO|train|73] 2026-06-09T04:58:44+0000: [epoch 5] training accuracy: 99.65237543453071 %
[DEBUG|Image|421] 2026-06-09T04:58:44+0000: Importing JpegImagePlugin
[DEBUG|Image|421] 2026-06-09T04:58:44+0000: Importing JpegImagePlugin
[INFO|train|77] 2026-06-09T04:58:46+0000: [epoch 5] validation loss: 1.650
[INFO|train|78] 2026-06-09T04:58:46+0000: [epoch 5] validation accuracy: 68.98148148148148 %
[INFO|train|97] 2026-06-09T04:58:47+0000: Finished epoch 5 at 1.1 minutes
[INFO|train|70] 2026-06-09T04:58:47+0000: Entering training epoch 6...
[DEBUG|Image|421] 2026-06-09T04:58:47+0000: Importing JpegImagePlugin
[DEBUG|Image|421] 2026-06-09T04:58:47+0000: Importing JpegImagePlugin
[INFO|train|72] 2026-06-09T04:58:56+0000: [epoch 6] training loss: 0.876
[INFO|train|73] 2026-06-09T04:58:56+0000: [epoch 6] training accuracy: 100.0 %
[DEBUG|Image|421] 2026-06-09T04:58:56+0000: Importing JpegImagePlugin
[DEBUG|Image|421] 2026-06-09T04:58:56+0000: Importing JpegImagePlugin
[INFO|train|77] 2026-06-09T04:58:57+0000: [epoch 6] validation loss: 1.630
[INFO|train|78] 2026-06-09T04:58:57+0000: [epoch 6] validation accuracy: 71.29629629629629 %
[INFO|train|97] 2026-06-09T04:58:58+0000: Finished epoch 6 at 1.3 minutes
[INFO|train|70] 2026-06-09T04:58:58+0000: Entering training epoch 7...
[DEBUG|Image|421] 2026-06-09T04:58:58+0000: Importing JpegImagePlugin
[DEBUG|Image|421] 2026-06-09T04:58:58+0000: Importing JpegImagePlugin
[INFO|train|72] 2026-06-09T04:59:06+0000: [epoch 7] training loss: 0.877
[INFO|train|73] 2026-06-09T04:59:06+0000: [epoch 7] training accuracy: 100.0 %
[DEBUG|Image|421] 2026-06-09T04:59:07+0000: Importing JpegImagePlugin
[DEBUG|Image|421] 2026-06-09T04:59:07+0000: Importing JpegImagePlugin
[INFO|train|77] 2026-06-09T04:59:08+0000: [epoch 7] validation loss: 1.620
[INFO|train|78] 2026-06-09T04:59:08+0000: [epoch 7] validation accuracy: 72.68518518518519 %
[INFO|train|97] 2026-06-09T04:59:10+0000: Finished epoch 7 at 1.5 minutes
[INFO|train|70] 2026-06-09T04:59:10+0000: Entering training epoch 8...
[DEBUG|Image|421] 2026-06-09T04:59:10+0000: Importing JpegImagePlugin
[DEBUG|Image|421] 2026-06-09T04:59:10+0000: Importing JpegImagePlugin
[INFO|train|72] 2026-06-09T04:59:19+0000: [epoch 8] training loss: 0.876
[INFO|train|73] 2026-06-09T04:59:19+0000: [epoch 8] training accuracy: 99.88412514484357 %
[DEBUG|Image|421] 2026-06-09T04:59:19+0000: Importing JpegImagePlugin
[DEBUG|Image|421] 2026-06-09T04:59:19+0000: Importing JpegImagePlugin
[INFO|train|77] 2026-06-09T04:59:20+0000: [epoch 8] validation loss: 1.627
[INFO|train|78] 2026-06-09T04:59:20+0000: [epoch 8] validation accuracy: 70.83333333333333 %
[INFO|train|97] 2026-06-09T04:59:21+0000: Finished epoch 8 at 1.7 minutes
[INFO|train|70] 2026-06-09T04:59:21+0000: Entering training epoch 9...
[DEBUG|Image|421] 2026-06-09T04:59:21+0000: Importing JpegImagePlugin
[DEBUG|Image|421] 2026-06-09T04:59:21+0000: Importing JpegImagePlugin
[INFO|train|72] 2026-06-09T04:59:30+0000: [epoch 9] training loss: 0.876
[INFO|train|73] 2026-06-09T04:59:30+0000: [epoch 9] training accuracy: 99.76825028968713 %
[DEBUG|Image|421] 2026-06-09T04:59:30+0000: Importing JpegImagePlugin
[DEBUG|Image|421] 2026-06-09T04:59:30+0000: Importing JpegImagePlugin
[INFO|train|77] 2026-06-09T04:59:31+0000: [epoch 9] validation loss: 1.620
[INFO|train|78] 2026-06-09T04:59:31+0000: [epoch 9] validation accuracy: 72.68518518518519 %
[INFO|train|97] 2026-06-09T04:59:32+0000: Finished epoch 9 at 1.9 minutes
[INFO|train|70] 2026-06-09T04:59:32+0000: Entering training epoch 10...
[DEBUG|Image|421] 2026-06-09T04:59:32+0000: Importing JpegImagePlugin
[DEBUG|Image|421] 2026-06-09T04:59:32+0000: Importing JpegImagePlugin
[INFO|train|72] 2026-06-09T04:59:41+0000: [epoch 10] training loss: 0.873
[INFO|train|73] 2026-06-09T04:59:41+0000: [epoch 10] training accuracy: 100.0 %
[DEBUG|Image|421] 2026-06-09T04:59:41+0000: Importing JpegImagePlugin
[DEBUG|Image|421] 2026-06-09T04:59:41+0000: Importing JpegImagePlugin
[INFO|train|77] 2026-06-09T04:59:43+0000: [epoch 10] validation loss: 1.609
[INFO|train|78] 2026-06-09T04:59:43+0000: [epoch 10] validation accuracy: 74.53703703703704 %
[INFO|train|97] 2026-06-09T04:59:45+0000: Finished epoch 10 at 2.1 minutes
[INFO|train|70] 2026-06-09T04:59:45+0000: Entering training epoch 11...
[DEBUG|Image|421] 2026-06-09T04:59:45+0000: Importing JpegImagePlugin
[DEBUG|Image|421] 2026-06-09T04:59:45+0000: Importing JpegImagePlugin
[INFO|train|72] 2026-06-09T04:59:53+0000: [epoch 11] training loss: 0.873
[INFO|train|73] 2026-06-09T04:59:53+0000: [epoch 11] training accuracy: 100.0 %
[DEBUG|Image|421] 2026-06-09T04:59:53+0000: Importing JpegImagePlugin
[DEBUG|Image|421] 2026-06-09T04:59:53+0000: Importing JpegImagePlugin
[INFO|train|77] 2026-06-09T04:59:55+0000: [epoch 11] validation loss: 1.610
[INFO|train|78] 2026-06-09T04:59:55+0000: [epoch 11] validation accuracy: 73.14814814814815 %
[INFO|train|97] 2026-06-09T04:59:56+0000: Finished epoch 11 at 2.3 minutes
[INFO|train|70] 2026-06-09T04:59:56+0000: Entering training epoch 12...
[DEBUG|Image|421] 2026-06-09T04:59:56+0000: Importing JpegImagePlugin
[DEBUG|Image|421] 2026-06-09T04:59:56+0000: Importing JpegImagePlugin
[INFO|train|72] 2026-06-09T05:00:04+0000: [epoch 12] training loss: 0.873
[INFO|train|73] 2026-06-09T05:00:04+0000: [epoch 12] training accuracy: 99.88412514484357 %
[DEBUG|Image|421] 2026-06-09T05:00:04+0000: Importing JpegImagePlugin
[DEBUG|Image|421] 2026-06-09T05:00:04+0000: Importing JpegImagePlugin
[INFO|train|77] 2026-06-09T05:00:06+0000: [epoch 12] validation loss: 1.619
[INFO|train|78] 2026-06-09T05:00:06+0000: [epoch 12] validation accuracy: 73.14814814814815 %
[INFO|train|97] 2026-06-09T05:00:07+0000: Finished epoch 12 at 2.5 minutes
[INFO|train|70] 2026-06-09T05:00:07+0000: Entering training epoch 13...
[DEBUG|Image|421] 2026-06-09T05:00:07+0000: Importing JpegImagePlugin
[DEBUG|Image|421] 2026-06-09T05:00:07+0000: Importing JpegImagePlugin
[INFO|train|72] 2026-06-09T05:00:16+0000: [epoch 13] training loss: 0.867
[INFO|train|73] 2026-06-09T05:00:16+0000: [epoch 13] training accuracy: 100.0 %
[DEBUG|Image|421] 2026-06-09T05:00:16+0000: Importing JpegImagePlugin
[DEBUG|Image|421] 2026-06-09T05:00:16+0000: Importing JpegImagePlugin
[INFO|train|77] 2026-06-09T05:00:17+0000: [epoch 13] validation loss: 1.621
[INFO|train|78] 2026-06-09T05:00:17+0000: [epoch 13] validation accuracy: 72.68518518518519 %
[INFO|train|97] 2026-06-09T05:00:18+0000: Finished epoch 13 at 2.7 minutes
[INFO|train|70] 2026-06-09T05:00:18+0000: Entering training epoch 14...
[DEBUG|Image|421] 2026-06-09T05:00:18+0000: Importing JpegImagePlugin
[DEBUG|Image|421] 2026-06-09T05:00:18+0000: Importing JpegImagePlugin
[INFO|train|72] 2026-06-09T05:00:26+0000: [epoch 14] training loss: 0.873
[INFO|train|73] 2026-06-09T05:00:26+0000: [epoch 14] training accuracy: 99.76825028968713 %
[DEBUG|Image|421] 2026-06-09T05:00:26+0000: Importing JpegImagePlugin
[DEBUG|Image|421] 2026-06-09T05:00:26+0000: Importing JpegImagePlugin
[INFO|train|77] 2026-06-09T05:00:28+0000: [epoch 14] validation loss: 1.601
[INFO|train|78] 2026-06-09T05:00:28+0000: [epoch 14] validation accuracy: 73.61111111111111 %
[INFO|train|97] 2026-06-09T05:00:29+0000: Finished epoch 14 at 2.8 minutes
[INFO|train|70] 2026-06-09T05:00:29+0000: Entering training epoch 15...
[DEBUG|Image|421] 2026-06-09T05:00:29+0000: Importing JpegImagePlugin
[DEBUG|Image|421] 2026-06-09T05:00:29+0000: Importing JpegImagePlugin
[INFO|train|72] 2026-06-09T05:00:37+0000: [epoch 15] training loss: 0.865
[INFO|train|73] 2026-06-09T05:00:37+0000: [epoch 15] training accuracy: 100.0 %
[DEBUG|Image|421] 2026-06-09T05:00:37+0000: Importing JpegImagePlugin
[DEBUG|Image|421] 2026-06-09T05:00:37+0000: Importing JpegImagePlugin
[INFO|train|77] 2026-06-09T05:00:39+0000: [epoch 15] validation loss: 1.626
[INFO|train|78] 2026-06-09T05:00:39+0000: [epoch 15] validation accuracy: 71.29629629629629 %
[INFO|train|97] 2026-06-09T05:00:40+0000: Finished epoch 15 at 3.0 minutes
[INFO|train|70] 2026-06-09T05:00:40+0000: Entering training epoch 16...
[DEBUG|Image|421] 2026-06-09T05:00:40+0000: Importing JpegImagePlugin
[DEBUG|Image|421] 2026-06-09T05:00:40+0000: Importing JpegImagePlugin
[INFO|train|72] 2026-06-09T05:00:48+0000: [epoch 16] training loss: 0.867
[INFO|train|73] 2026-06-09T05:00:48+0000: [epoch 16] training accuracy: 100.0 %
[DEBUG|Image|421] 2026-06-09T05:00:48+0000: Importing JpegImagePlugin
[DEBUG|Image|421] 2026-06-09T05:00:48+0000: Importing JpegImagePlugin
[INFO|train|77] 2026-06-09T05:00:50+0000: [epoch 16] validation loss: 1.618
[INFO|train|78] 2026-06-09T05:00:50+0000: [epoch 16] validation accuracy: 73.14814814814815 %
[INFO|train|97] 2026-06-09T05:00:51+0000: Finished epoch 16 at 3.2 minutes
[INFO|train|70] 2026-06-09T05:00:51+0000: Entering training epoch 17...
[DEBUG|Image|421] 2026-06-09T05:00:51+0000: Importing JpegImagePlugin
[DEBUG|Image|421] 2026-06-09T05:00:51+0000: Importing JpegImagePlugin
[INFO|train|72] 2026-06-09T05:00:59+0000: [epoch 17] training loss: 0.870
[INFO|train|73] 2026-06-09T05:00:59+0000: [epoch 17] training accuracy: 99.76825028968713 %
[DEBUG|Image|421] 2026-06-09T05:00:59+0000: Importing JpegImagePlugin
[DEBUG|Image|421] 2026-06-09T05:00:59+0000: Importing JpegImagePlugin
[INFO|train|77] 2026-06-09T05:01:00+0000: [epoch 17] validation loss: 1.624
[INFO|train|78] 2026-06-09T05:01:00+0000: [epoch 17] validation accuracy: 71.75925925925925 %
[INFO|train|97] 2026-06-09T05:01:01+0000: Finished epoch 17 at 3.4 minutes
[INFO|train|70] 2026-06-09T05:01:01+0000: Entering training epoch 18...
[DEBUG|Image|421] 2026-06-09T05:01:01+0000: Importing JpegImagePlugin
[DEBUG|Image|421] 2026-06-09T05:01:01+0000: Importing JpegImagePlugin
[INFO|train|72] 2026-06-09T05:01:10+0000: [epoch 18] training loss: 0.863
[INFO|train|73] 2026-06-09T05:01:10+0000: [epoch 18] training accuracy: 100.0 %
[DEBUG|Image|421] 2026-06-09T05:01:10+0000: Importing JpegImagePlugin
[DEBUG|Image|421] 2026-06-09T05:01:10+0000: Importing JpegImagePlugin
[INFO|train|77] 2026-06-09T05:01:11+0000: [epoch 18] validation loss: 1.603
[INFO|train|78] 2026-06-09T05:01:11+0000: [epoch 18] validation accuracy: 71.29629629629629 %
[INFO|train|97] 2026-06-09T05:01:12+0000: Finished epoch 18 at 3.6 minutes
[INFO|train|70] 2026-06-09T05:01:12+0000: Entering training epoch 19...
[DEBUG|Image|421] 2026-06-09T05:01:12+0000: Importing JpegImagePlugin
[DEBUG|Image|421] 2026-06-09T05:01:12+0000: Importing JpegImagePlugin
[INFO|train|72] 2026-06-09T05:01:21+0000: [epoch 19] training loss: 0.860
[INFO|train|73] 2026-06-09T05:01:21+0000: [epoch 19] training accuracy: 100.0 %
[DEBUG|Image|421] 2026-06-09T05:01:21+0000: Importing JpegImagePlugin
[DEBUG|Image|421] 2026-06-09T05:01:21+0000: Importing JpegImagePlugin
[INFO|train|77] 2026-06-09T05:01:23+0000: [epoch 19] validation loss: 1.622
[INFO|train|78] 2026-06-09T05:01:23+0000: [epoch 19] validation accuracy: 71.75925925925925 %
[INFO|train|97] 2026-06-09T05:01:23+0000: Finished epoch 19 at 3.8 minutes
[INFO|train|70] 2026-06-09T05:01:24+0000: Entering training epoch 20...
[DEBUG|Image|421] 2026-06-09T05:01:24+0000: Importing JpegImagePlugin
[DEBUG|Image|421] 2026-06-09T05:01:24+0000: Importing JpegImagePlugin
[INFO|train|72] 2026-06-09T05:01:32+0000: [epoch 20] training loss: 0.862
[INFO|train|73] 2026-06-09T05:01:32+0000: [epoch 20] training accuracy: 100.0 %
[DEBUG|Image|421] 2026-06-09T05:01:32+0000: Importing JpegImagePlugin
[DEBUG|Image|421] 2026-06-09T05:01:32+0000: Importing JpegImagePlugin
[INFO|train|77] 2026-06-09T05:01:33+0000: [epoch 20] validation loss: 1.605
[INFO|train|78] 2026-06-09T05:01:33+0000: [epoch 20] validation accuracy: 72.68518518518519 %
[INFO|train|97] 2026-06-09T05:01:34+0000: Finished epoch 20 at 3.9 minutes
[INFO|train|70] 2026-06-09T05:01:34+0000: Entering training epoch 21...
[DEBUG|Image|421] 2026-06-09T05:01:34+0000: Importing JpegImagePlugin
[DEBUG|Image|421] 2026-06-09T05:01:34+0000: Importing JpegImagePlugin
[INFO|train|72] 2026-06-09T05:01:43+0000: [epoch 21] training loss: 0.859
[INFO|train|73] 2026-06-09T05:01:43+0000: [epoch 21] training accuracy: 100.0 %
[DEBUG|Image|421] 2026-06-09T05:01:43+0000: Importing JpegImagePlugin
[DEBUG|Image|421] 2026-06-09T05:01:43+0000: Importing JpegImagePlugin
[INFO|train|77] 2026-06-09T05:01:45+0000: [epoch 21] validation loss: 1.616
[INFO|train|78] 2026-06-09T05:01:45+0000: [epoch 21] validation accuracy: 73.61111111111111 %
[INFO|train|97] 2026-06-09T05:01:46+0000: Finished epoch 21 at 4.1 minutes
[INFO|train|70] 2026-06-09T05:01:46+0000: Entering training epoch 22...
[DEBUG|Image|421] 2026-06-09T05:01:46+0000: Importing JpegImagePlugin
[DEBUG|Image|421] 2026-06-09T05:01:46+0000: Importing JpegImagePlugin
[INFO|train|72] 2026-06-09T05:01:54+0000: [epoch 22] training loss: 0.856
[INFO|train|73] 2026-06-09T05:01:54+0000: [epoch 22] training accuracy: 100.0 %
[DEBUG|Image|421] 2026-06-09T05:01:55+0000: Importing JpegImagePlugin
[DEBUG|Image|421] 2026-06-09T05:01:55+0000: Importing JpegImagePlugin
[INFO|train|77] 2026-06-09T05:01:56+0000: [epoch 22] validation loss: 1.616
[INFO|train|78] 2026-06-09T05:01:56+0000: [epoch 22] validation accuracy: 72.68518518518519 %
[INFO|train|97] 2026-06-09T05:01:57+0000: Finished epoch 22 at 4.3 minutes
[INFO|train|70] 2026-06-09T05:01:57+0000: Entering training epoch 23...
[DEBUG|Image|421] 2026-06-09T05:01:57+0000: Importing JpegImagePlugin
[DEBUG|Image|421] 2026-06-09T05:01:57+0000: Importing JpegImagePlugin
[INFO|train|72] 2026-06-09T05:02:06+0000: [epoch 23] training loss: 0.860
[INFO|train|73] 2026-06-09T05:02:06+0000: [epoch 23] training accuracy: 99.88412514484357 %
[DEBUG|Image|421] 2026-06-09T05:02:06+0000: Importing JpegImagePlugin
[DEBUG|Image|421] 2026-06-09T05:02:06+0000: Importing JpegImagePlugin
[INFO|train|77] 2026-06-09T05:02:07+0000: [epoch 23] validation loss: 1.613
[INFO|train|78] 2026-06-09T05:02:07+0000: [epoch 23] validation accuracy: 73.61111111111111 %
[INFO|train|97] 2026-06-09T05:02:08+0000: Finished epoch 23 at 4.5 minutes
[INFO|train|70] 2026-06-09T05:02:08+0000: Entering training epoch 24...
[DEBUG|Image|421] 2026-06-09T05:02:08+0000: Importing JpegImagePlugin
[DEBUG|Image|421] 2026-06-09T05:02:08+0000: Importing JpegImagePlugin
[INFO|train|72] 2026-06-09T05:02:17+0000: [epoch 24] training loss: 0.859
[INFO|train|73] 2026-06-09T05:02:17+0000: [epoch 24] training accuracy: 100.0 %
[DEBUG|Image|421] 2026-06-09T05:02:17+0000: Importing JpegImagePlugin
[DEBUG|Image|421] 2026-06-09T05:02:17+0000: Importing JpegImagePlugin
[INFO|train|77] 2026-06-09T05:02:18+0000: [epoch 24] validation loss: 1.607
[INFO|train|78] 2026-06-09T05:02:18+0000: [epoch 24] validation accuracy: 74.07407407407408 %
[INFO|train|97] 2026-06-09T05:02:19+0000: Finished epoch 24 at 4.7 minutes
[INFO|train|70] 2026-06-09T05:02:19+0000: Entering training epoch 25...
[DEBUG|Image|421] 2026-06-09T05:02:19+0000: Importing JpegImagePlugin
[DEBUG|Image|421] 2026-06-09T05:02:19+0000: Importing JpegImagePlugin
[INFO|train|72] 2026-06-09T05:02:29+0000: [epoch 25] training loss: 0.858
[INFO|train|73] 2026-06-09T05:02:29+0000: [epoch 25] training accuracy: 100.0 %
[DEBUG|Image|421] 2026-06-09T05:02:29+0000: Importing JpegImagePlugin
[DEBUG|Image|421] 2026-06-09T05:02:29+0000: Importing JpegImagePlugin
[INFO|train|77] 2026-06-09T05:02:30+0000: [epoch 25] validation loss: 1.618
[INFO|train|78] 2026-06-09T05:02:30+0000: [epoch 25] validation accuracy: 73.14814814814815 %
[INFO|train|97] 2026-06-09T05:02:31+0000: Finished epoch 25 at 4.9 minutes
[INFO|train|70] 2026-06-09T05:02:31+0000: Entering training epoch 26...
[DEBUG|Image|421] 2026-06-09T05:02:31+0000: Importing JpegImagePlugin
[DEBUG|Image|421] 2026-06-09T05:02:31+0000: Importing JpegImagePlugin
[INFO|train|72] 2026-06-09T05:02:40+0000: [epoch 26] training loss: 0.859
[INFO|train|73] 2026-06-09T05:02:40+0000: [epoch 26] training accuracy: 100.0 %
[DEBUG|Image|421] 2026-06-09T05:02:40+0000: Importing JpegImagePlugin
[DEBUG|Image|421] 2026-06-09T05:02:40+0000: Importing JpegImagePlugin
[INFO|train|77] 2026-06-09T05:02:41+0000: [epoch 26] validation loss: 1.603
[INFO|train|78] 2026-06-09T05:02:41+0000: [epoch 26] validation accuracy: 74.07407407407408 %
[INFO|train|97] 2026-06-09T05:02:42+0000: Finished epoch 26 at 5.1 minutes
[INFO|train|70] 2026-06-09T05:02:42+0000: Entering training epoch 27...
[DEBUG|Image|421] 2026-06-09T05:02:42+0000: Importing JpegImagePlugin
[DEBUG|Image|421] 2026-06-09T05:02:42+0000: Importing JpegImagePlugin
[INFO|train|72] 2026-06-09T05:02:51+0000: [epoch 27] training loss: 0.863
[INFO|train|73] 2026-06-09T05:02:51+0000: [epoch 27] training accuracy: 100.0 %
[DEBUG|Image|421] 2026-06-09T05:02:51+0000: Importing JpegImagePlugin
[DEBUG|Image|421] 2026-06-09T05:02:51+0000: Importing JpegImagePlugin
[INFO|train|77] 2026-06-09T05:02:52+0000: [epoch 27] validation loss: 1.619
[INFO|train|78] 2026-06-09T05:02:52+0000: [epoch 27] validation accuracy: 74.07407407407408 %
[INFO|train|97] 2026-06-09T05:02:53+0000: Finished epoch 27 at 5.3 minutes
[INFO|train|70] 2026-06-09T05:02:53+0000: Entering training epoch 28...
[DEBUG|Image|421] 2026-06-09T05:02:53+0000: Importing JpegImagePlugin
[DEBUG|Image|421] 2026-06-09T05:02:53+0000: Importing JpegImagePlugin
[INFO|train|72] 2026-06-09T05:03:02+0000: [epoch 28] training loss: 0.861
[INFO|train|73] 2026-06-09T05:03:02+0000: [epoch 28] training accuracy: 100.0 %
[DEBUG|Image|421] 2026-06-09T05:03:02+0000: Importing JpegImagePlugin
[DEBUG|Image|421] 2026-06-09T05:03:02+0000: Importing JpegImagePlugin
[INFO|train|77] 2026-06-09T05:03:03+0000: [epoch 28] validation loss: 1.602
[INFO|train|78] 2026-06-09T05:03:03+0000: [epoch 28] validation accuracy: 74.53703703703704 %
[INFO|train|97] 2026-06-09T05:03:04+0000: Finished epoch 28 at 5.4 minutes
[INFO|train|70] 2026-06-09T05:03:04+0000: Entering training epoch 29...
[DEBUG|Image|421] 2026-06-09T05:03:04+0000: Importing JpegImagePlugin
[DEBUG|Image|421] 2026-06-09T05:03:04+0000: Importing JpegImagePlugin
[INFO|train|72] 2026-06-09T05:03:13+0000: [epoch 29] training loss: 0.856
[INFO|train|73] 2026-06-09T05:03:13+0000: [epoch 29] training accuracy: 100.0 %
[DEBUG|Image|421] 2026-06-09T05:03:13+0000: Importing JpegImagePlugin
[DEBUG|Image|421] 2026-06-09T05:03:13+0000: Importing JpegImagePlugin
[INFO|train|77] 2026-06-09T05:03:14+0000: [epoch 29] validation loss: 1.622
[INFO|train|78] 2026-06-09T05:03:14+0000: [epoch 29] validation accuracy: 73.14814814814815 %
[INFO|train|97] 2026-06-09T05:03:15+0000: Finished epoch 29 at 5.6 minutes
[INFO|train|70] 2026-06-09T05:03:15+0000: Entering training epoch 30...
[DEBUG|Image|421] 2026-06-09T05:03:15+0000: Importing JpegImagePlugin
[DEBUG|Image|421] 2026-06-09T05:03:15+0000: Importing JpegImagePlugin
[INFO|train|72] 2026-06-09T05:03:24+0000: [epoch 30] training loss: 0.862
[INFO|train|73] 2026-06-09T05:03:24+0000: [epoch 30] training accuracy: 100.0 %
[DEBUG|Image|421] 2026-06-09T05:03:24+0000: Importing JpegImagePlugin
[DEBUG|Image|421] 2026-06-09T05:03:24+0000: Importing JpegImagePlugin
[INFO|train|77] 2026-06-09T05:03:26+0000: [epoch 30] validation loss: 1.611
[INFO|train|78] 2026-06-09T05:03:26+0000: [epoch 30] validation accuracy: 73.61111111111111 %
[INFO|train|97] 2026-06-09T05:03:27+0000: Finished epoch 30 at 5.8 minutes
[INFO|train|70] 2026-06-09T05:03:27+0000: Entering training epoch 31...
[DEBUG|Image|421] 2026-06-09T05:03:27+0000: Importing JpegImagePlugin
[DEBUG|Image|421] 2026-06-09T05:03:27+0000: Importing JpegImagePlugin
[INFO|train|72] 2026-06-09T05:03:35+0000: [epoch 31] training loss: 0.854
[INFO|train|73] 2026-06-09T05:03:35+0000: [epoch 31] training accuracy: 100.0 %
[DEBUG|Image|421] 2026-06-09T05:03:35+0000: Importing JpegImagePlugin
[DEBUG|Image|421] 2026-06-09T05:03:35+0000: Importing JpegImagePlugin
[INFO|train|77] 2026-06-09T05:03:37+0000: [epoch 31] validation loss: 1.601
[INFO|train|78] 2026-06-09T05:03:37+0000: [epoch 31] validation accuracy: 74.53703703703704 %
[INFO|train|97] 2026-06-09T05:03:38+0000: Finished epoch 31 at 6.0 minutes
[INFO|train|70] 2026-06-09T05:03:38+0000: Entering training epoch 32...
[DEBUG|Image|421] 2026-06-09T05:03:38+0000: Importing JpegImagePlugin
[DEBUG|Image|421] 2026-06-09T05:03:38+0000: Importing JpegImagePlugin
[INFO|train|72] 2026-06-09T05:03:47+0000: [epoch 32] training loss: 0.859
[INFO|train|73] 2026-06-09T05:03:47+0000: [epoch 32] training accuracy: 100.0 %
[DEBUG|Image|421] 2026-06-09T05:03:47+0000: Importing JpegImagePlugin
[DEBUG|Image|421] 2026-06-09T05:03:47+0000: Importing JpegImagePlugin
[INFO|train|77] 2026-06-09T05:03:48+0000: [epoch 32] validation loss: 1.617
[INFO|train|78] 2026-06-09T05:03:48+0000: [epoch 32] validation accuracy: 73.61111111111111 %
[INFO|train|97] 2026-06-09T05:03:49+0000: Finished epoch 32 at 6.2 minutes
[INFO|train|70] 2026-06-09T05:03:49+0000: Entering training epoch 33...
[DEBUG|Image|421] 2026-06-09T05:03:49+0000: Importing JpegImagePlugin
[DEBUG|Image|421] 2026-06-09T05:03:49+0000: Importing JpegImagePlugin
[INFO|train|72] 2026-06-09T05:03:58+0000: [epoch 33] training loss: 0.857
[INFO|train|73] 2026-06-09T05:03:58+0000: [epoch 33] training accuracy: 100.0 %
[DEBUG|Image|421] 2026-06-09T05:03:58+0000: Importing JpegImagePlugin
[DEBUG|Image|421] 2026-06-09T05:03:58+0000: Importing JpegImagePlugin
[INFO|train|77] 2026-06-09T05:03:59+0000: [epoch 33] validation loss: 1.598
[INFO|train|78] 2026-06-09T05:03:59+0000: [epoch 33] validation accuracy: 74.07407407407408 %
[INFO|train|97] 2026-06-09T05:04:00+0000: Finished epoch 33 at 6.4 minutes
[INFO|train|70] 2026-06-09T05:04:00+0000: Entering training epoch 34...
[DEBUG|Image|421] 2026-06-09T05:04:00+0000: Importing JpegImagePlugin
[DEBUG|Image|421] 2026-06-09T05:04:00+0000: Importing JpegImagePlugin
[INFO|train|72] 2026-06-09T05:04:09+0000: [epoch 34] training loss: 0.856
[INFO|train|73] 2026-06-09T05:04:09+0000: [epoch 34] training accuracy: 100.0 %
[DEBUG|Image|421] 2026-06-09T05:04:09+0000: Importing JpegImagePlugin
[DEBUG|Image|421] 2026-06-09T05:04:09+0000: Importing JpegImagePlugin
[INFO|train|77] 2026-06-09T05:04:10+0000: [epoch 34] validation loss: 1.606
[INFO|train|78] 2026-06-09T05:04:10+0000: [epoch 34] validation accuracy: 73.61111111111111 %
[INFO|train|97] 2026-06-09T05:04:11+0000: Finished epoch 34 at 6.6 minutes
[INFO|train|70] 2026-06-09T05:04:11+0000: Entering training epoch 35...
[DEBUG|Image|421] 2026-06-09T05:04:11+0000: Importing JpegImagePlugin
[DEBUG|Image|421] 2026-06-09T05:04:11+0000: Importing JpegImagePlugin
[INFO|train|72] 2026-06-09T05:04:20+0000: [epoch 35] training loss: 0.861
[INFO|train|73] 2026-06-09T05:04:20+0000: [epoch 35] training accuracy: 100.0 %
[DEBUG|Image|421] 2026-06-09T05:04:20+0000: Importing JpegImagePlugin
[DEBUG|Image|421] 2026-06-09T05:04:20+0000: Importing JpegImagePlugin
[INFO|train|77] 2026-06-09T05:04:21+0000: [epoch 35] validation loss: 1.599
[INFO|train|78] 2026-06-09T05:04:21+0000: [epoch 35] validation accuracy: 73.61111111111111 %
[INFO|train|97] 2026-06-09T05:04:22+0000: Finished epoch 35 at 6.7 minutes
[INFO|train|70] 2026-06-09T05:04:22+0000: Entering training epoch 36...
[DEBUG|Image|421] 2026-06-09T05:04:22+0000: Importing JpegImagePlugin
[DEBUG|Image|421] 2026-06-09T05:04:22+0000: Importing JpegImagePlugin
[INFO|train|72] 2026-06-09T05:04:31+0000: [epoch 36] training loss: 0.856
[INFO|train|73] 2026-06-09T05:04:31+0000: [epoch 36] training accuracy: 100.0 %
[DEBUG|Image|421] 2026-06-09T05:04:31+0000: Importing JpegImagePlugin
[DEBUG|Image|421] 2026-06-09T05:04:31+0000: Importing JpegImagePlugin
[INFO|train|77] 2026-06-09T05:04:32+0000: [epoch 36] validation loss: 1.618
[INFO|train|78] 2026-06-09T05:04:32+0000: [epoch 36] validation accuracy: 73.61111111111111 %
[INFO|train|97] 2026-06-09T05:04:33+0000: Finished epoch 36 at 6.9 minutes
[INFO|train|70] 2026-06-09T05:04:33+0000: Entering training epoch 37...
[DEBUG|Image|421] 2026-06-09T05:04:33+0000: Importing JpegImagePlugin
[DEBUG|Image|421] 2026-06-09T05:04:33+0000: Importing JpegImagePlugin
[INFO|train|72] 2026-06-09T05:04:42+0000: [epoch 37] training loss: 0.857
[INFO|train|73] 2026-06-09T05:04:42+0000: [epoch 37] training accuracy: 100.0 %
[DEBUG|Image|421] 2026-06-09T05:04:42+0000: Importing JpegImagePlugin
[DEBUG|Image|421] 2026-06-09T05:04:42+0000: Importing JpegImagePlugin
[INFO|train|77] 2026-06-09T05:04:44+0000: [epoch 37] validation loss: 1.607
[INFO|train|78] 2026-06-09T05:04:44+0000: [epoch 37] validation accuracy: 73.61111111111111 %
[INFO|train|97] 2026-06-09T05:04:45+0000: Finished epoch 37 at 7.1 minutes
[INFO|train|70] 2026-06-09T05:04:45+0000: Entering training epoch 38...
[DEBUG|Image|421] 2026-06-09T05:04:45+0000: Importing JpegImagePlugin
[DEBUG|Image|421] 2026-06-09T05:04:45+0000: Importing JpegImagePlugin
[INFO|train|72] 2026-06-09T05:04:53+0000: [epoch 38] training loss: 0.859
[INFO|train|73] 2026-06-09T05:04:53+0000: [epoch 38] training accuracy: 100.0 %
[DEBUG|Image|421] 2026-06-09T05:04:53+0000: Importing JpegImagePlugin
[DEBUG|Image|421] 2026-06-09T05:04:53+0000: Importing JpegImagePlugin
[INFO|train|77] 2026-06-09T05:04:55+0000: [epoch 38] validation loss: 1.612
[INFO|train|78] 2026-06-09T05:04:55+0000: [epoch 38] validation accuracy: 73.61111111111111 %
[INFO|train|97] 2026-06-09T05:04:56+0000: Finished epoch 38 at 7.3 minutes
[INFO|train|70] 2026-06-09T05:04:56+0000: Entering training epoch 39...
[DEBUG|Image|421] 2026-06-09T05:04:56+0000: Importing JpegImagePlugin
[DEBUG|Image|421] 2026-06-09T05:04:56+0000: Importing JpegImagePlugin
[INFO|train|72] 2026-06-09T05:05:04+0000: [epoch 39] training loss: 0.858
[INFO|train|73] 2026-06-09T05:05:04+0000: [epoch 39] training accuracy: 100.0 %
[DEBUG|Image|421] 2026-06-09T05:05:04+0000: Importing JpegImagePlugin
[DEBUG|Image|421] 2026-06-09T05:05:04+0000: Importing JpegImagePlugin
[INFO|train|77] 2026-06-09T05:05:06+0000: [epoch 39] validation loss: 1.615
[INFO|train|78] 2026-06-09T05:05:06+0000: [epoch 39] validation accuracy: 72.22222222222223 %
[INFO|train|97] 2026-06-09T05:05:07+0000: Finished epoch 39 at 7.5 minutes
[INFO|train|100] 2026-06-09T05:05:07+0000: Finished Training in 7.5 minutes
[DEBUG|pyplot|496] 2026-06-09T05:05:07+0000: Loaded backend agg version v2.2.
[DEBUG|font_manager|1471] 2026-06-09T05:05:07+0000: findfont: Matching sans\-serif:style=normal:variant=normal:weight=normal:stretch=normal:size=10.0.
[DEBUG|font_manager|1483] 2026-06-09T05:05:07+0000: findfont: score(FontEntry(fname='/usr/local/lib/python3.10/site-packages/matplotlib/mpl-data/fonts/ttf/DejaVuSerif-Italic.ttf', name='DejaVu Serif', style='italic', variant='normal', weight=400, stretch='normal', size='scalable')) = 11.05
[DEBUG|font_manager|1483] 2026-06-09T05:05:07+0000: findfont: score(FontEntry(fname='/usr/local/lib/python3.10/site-packages/matplotlib/mpl-data/fonts/ttf/STIXSizFourSymBol.ttf', name='STIXSizeFourSym', style='normal', variant='normal', weight=700, stretch='normal', size='scalable')) = 10.335
[DEBUG|font_manager|1483] 2026-06-09T05:05:07+0000: findfont: score(FontEntry(fname='/usr/local/lib/python3.10/site-packages/matplotlib/mpl-data/fonts/ttf/DejaVuSansMono.ttf', name='DejaVu Sans Mono', style='normal', variant='normal', weight=400, stretch='normal', size='scalable')) = 10.05
[DEBUG|font_manager|1483] 2026-06-09T05:05:07+0000: findfont: score(FontEntry(fname='/usr/local/lib/python3.10/site-packages/matplotlib/mpl-data/fonts/ttf/STIXNonUniIta.ttf', name='STIXNonUnicode', style='italic', variant='normal', weight=400, stretch='normal', size='scalable')) = 11.05
[DEBUG|font_manager|1483] 2026-06-09T05:05:07+0000: findfont: score(FontEntry(fname='/usr/local/lib/python3.10/site-packages/matplotlib/mpl-data/fonts/ttf/DejaVuSerif.ttf', name='DejaVu Serif', style='normal', variant='normal', weight=400, stretch='normal', size='scalable')) = 10.05
[DEBUG|font_manager|1483] 2026-06-09T05:05:07+0000: findfont: score(FontEntry(fname='/usr/local/lib/python3.10/site-packages/matplotlib/mpl-data/fonts/ttf/DejaVuSans-BoldOblique.ttf', name='DejaVu Sans', style='oblique', variant='normal', weight=700, stretch='normal', size='scalable')) = 1.335
[DEBUG|font_manager|1483] 2026-06-09T05:05:07+0000: findfont: score(FontEntry(fname='/usr/local/lib/python3.10/site-packages/matplotlib/mpl-data/fonts/ttf/cmb10.ttf', name='cmb10', style='normal', variant='normal', weight=400, stretch='normal', size='scalable')) = 10.05
[DEBUG|font_manager|1483] 2026-06-09T05:05:07+0000: findfont: score(FontEntry(fname='/usr/local/lib/python3.10/site-packages/matplotlib/mpl-data/fonts/ttf/DejaVuSerif-Bold.ttf', name='DejaVu Serif', style='normal', variant='normal', weight=700, stretch='normal', size='scalable')) = 10.335
[DEBUG|font_manager|1483] 2026-06-09T05:05:07+0000: findfont: score(FontEntry(fname='/usr/local/lib/python3.10/site-packages/matplotlib/mpl-data/fonts/ttf/DejaVuSansDisplay.ttf', name='DejaVu Sans Display', style='normal', variant='normal', weight=400, stretch='normal', size='scalable')) = 10.05
[DEBUG|font_manager|1483] 2026-06-09T05:05:07+0000: findfont: score(FontEntry(fname='/usr/local/lib/python3.10/site-packages/matplotlib/mpl-data/fonts/ttf/DejaVuSans-Oblique.ttf', name='DejaVu Sans', style='oblique', variant='normal', weight=400, stretch='normal', size='scalable')) = 1.05
[DEBUG|font_manager|1483] 2026-06-09T05:05:07+0000: findfont: score(FontEntry(fname='/usr/local/lib/python3.10/site-packages/matplotlib/mpl-data/fonts/ttf/STIXGeneralItalic.ttf', name='STIXGeneral', style='italic', variant='normal', weight=400, stretch='normal', size='scalable')) = 11.05
[DEBUG|font_manager|1483] 2026-06-09T05:05:07+0000: findfont: score(FontEntry(fname='/usr/local/lib/python3.10/site-packages/matplotlib/mpl-data/fonts/ttf/STIXSizFourSymReg.ttf', name='STIXSizeFourSym', style='normal', variant='normal', weight=400, stretch='normal', size='scalable')) = 10.05
[DEBUG|font_manager|1483] 2026-06-09T05:05:07+0000: findfont: score(FontEntry(fname='/usr/local/lib/python3.10/site-packages/matplotlib/mpl-data/fonts/ttf/STIXSizThreeSymReg.ttf', name='STIXSizeThreeSym', style='normal', variant='normal', weight=400, stretch='normal', size='scalable')) = 10.05
[DEBUG|font_manager|1483] 2026-06-09T05:05:07+0000: findfont: score(FontEntry(fname='/usr/local/lib/python3.10/site-packages/matplotlib/mpl-data/fonts/ttf/STIXNonUniBol.ttf', name='STIXNonUnicode', style='normal', variant='normal', weight=700, stretch='normal', size='scalable')) = 10.335
[DEBUG|font_manager|1483] 2026-06-09T05:05:07+0000: findfont: score(FontEntry(fname='/usr/local/lib/python3.10/site-packages/matplotlib/mpl-data/fonts/ttf/cmmi10.ttf', name='cmmi10', style='normal', variant='normal', weight=400, stretch='normal', size='scalable')) = 10.05
[DEBUG|font_manager|1483] 2026-06-09T05:05:07+0000: findfont: score(FontEntry(fname='/usr/local/lib/python3.10/site-packages/matplotlib/mpl-data/fonts/ttf/cmr10.ttf', name='cmr10', style='normal', variant='normal', weight=400, stretch='normal', size='scalable')) = 10.05
[DEBUG|font_manager|1483] 2026-06-09T05:05:07+0000: findfont: score(FontEntry(fname='/usr/local/lib/python3.10/site-packages/matplotlib/mpl-data/fonts/ttf/STIXSizTwoSymBol.ttf', name='STIXSizeTwoSym', style='normal', variant='normal', weight=700, stretch='normal', size='scalable')) = 10.335
[DEBUG|font_manager|1483] 2026-06-09T05:05:07+0000: findfont: score(FontEntry(fname='/usr/local/lib/python3.10/site-packages/matplotlib/mpl-data/fonts/ttf/cmsy10.ttf', name='cmsy10', style='normal', variant='normal', weight=400, stretch='normal', size='scalable')) = 10.05
[DEBUG|font_manager|1483] 2026-06-09T05:05:07+0000: findfont: score(FontEntry(fname='/usr/local/lib/python3.10/site-packages/matplotlib/mpl-data/fonts/ttf/cmss10.ttf', name='cmss10', style='normal', variant='normal', weight=400, stretch='normal', size='scalable')) = 10.05
[DEBUG|font_manager|1483] 2026-06-09T05:05:07+0000: findfont: score(FontEntry(fname='/usr/local/lib/python3.10/site-packages/matplotlib/mpl-data/fonts/ttf/STIXSizThreeSymBol.ttf', name='STIXSizeThreeSym', style='normal', variant='normal', weight=700, stretch='normal', size='scalable')) = 10.335
[DEBUG|font_manager|1483] 2026-06-09T05:05:07+0000: findfont: score(FontEntry(fname='/usr/local/lib/python3.10/site-packages/matplotlib/mpl-data/fonts/ttf/STIXNonUniBolIta.ttf', name='STIXNonUnicode', style='italic', variant='normal', weight=700, stretch='normal', size='scalable')) = 11.335
[DEBUG|font_manager|1483] 2026-06-09T05:05:07+0000: findfont: score(FontEntry(fname='/usr/local/lib/python3.10/site-packages/matplotlib/mpl-data/fonts/ttf/DejaVuSans-Bold.ttf', name='DejaVu Sans', style='normal', variant='normal', weight=700, stretch='normal', size='scalable')) = 0.33499999999999996
[DEBUG|font_manager|1483] 2026-06-09T05:05:07+0000: findfont: score(FontEntry(fname='/usr/local/lib/python3.10/site-packages/matplotlib/mpl-data/fonts/ttf/STIXGeneralBol.ttf', name='STIXGeneral', style='normal', variant='normal', weight=700, stretch='normal', size='scalable')) = 10.335
[DEBUG|font_manager|1483] 2026-06-09T05:05:07+0000: findfont: score(FontEntry(fname='/usr/local/lib/python3.10/site-packages/matplotlib/mpl-data/fonts/ttf/STIXSizTwoSymReg.ttf', name='STIXSizeTwoSym', style='normal', variant='normal', weight=400, stretch='normal', size='scalable')) = 10.05
[DEBUG|font_manager|1483] 2026-06-09T05:05:07+0000: findfont: score(FontEntry(fname='/usr/local/lib/python3.10/site-packages/matplotlib/mpl-data/fonts/ttf/STIXGeneral.ttf', name='STIXGeneral', style='normal', variant='normal', weight=400, stretch='normal', size='scalable')) = 10.05
[DEBUG|font_manager|1483] 2026-06-09T05:05:07+0000: findfont: score(FontEntry(fname='/usr/local/lib/python3.10/site-packages/matplotlib/mpl-data/fonts/ttf/STIXNonUni.ttf', name='STIXNonUnicode', style='normal', variant='normal', weight=400, stretch='normal', size='scalable')) = 10.05
[DEBUG|font_manager|1483] 2026-06-09T05:05:07+0000: findfont: score(FontEntry(fname='/usr/local/lib/python3.10/site-packages/matplotlib/mpl-data/fonts/ttf/DejaVuSansMono-Bold.ttf', name='DejaVu Sans Mono', style='normal', variant='normal', weight=700, stretch='normal', size='scalable')) = 10.335
[DEBUG|font_manager|1483] 2026-06-09T05:05:07+0000: findfont: score(FontEntry(fname='/usr/local/lib/python3.10/site-packages/matplotlib/mpl-data/fonts/ttf/cmtt10.ttf', name='cmtt10', style='normal', variant='normal', weight=400, stretch='normal', size='scalable')) = 10.05
[DEBUG|font_manager|1483] 2026-06-09T05:05:07+0000: findfont: score(FontEntry(fname='/usr/local/lib/python3.10/site-packages/matplotlib/mpl-data/fonts/ttf/STIXSizOneSymReg.ttf', name='STIXSizeOneSym', style='normal', variant='normal', weight=400, stretch='normal', size='scalable')) = 10.05
[DEBUG|font_manager|1483] 2026-06-09T05:05:07+0000: findfont: score(FontEntry(fname='/usr/local/lib/python3.10/site-packages/matplotlib/mpl-data/fonts/ttf/DejaVuSans.ttf', name='DejaVu Sans', style='normal', variant='normal', weight=400, stretch='normal', size='scalable')) = 0.05
[DEBUG|font_manager|1483] 2026-06-09T05:05:07+0000: findfont: score(FontEntry(fname='/usr/local/lib/python3.10/site-packages/matplotlib/mpl-data/fonts/ttf/DejaVuSansMono-BoldOblique.ttf', name='DejaVu Sans Mono', style='oblique', variant='normal', weight=700, stretch='normal', size='scalable')) = 11.335
[DEBUG|font_manager|1483] 2026-06-09T05:05:07+0000: findfont: score(FontEntry(fname='/usr/local/lib/python3.10/site-packages/matplotlib/mpl-data/fonts/ttf/STIXSizOneSymBol.ttf', name='STIXSizeOneSym', style='normal', variant='normal', weight=700, stretch='normal', size='scalable')) = 10.335
[DEBUG|font_manager|1483] 2026-06-09T05:05:07+0000: findfont: score(FontEntry(fname='/usr/local/lib/python3.10/site-packages/matplotlib/mpl-data/fonts/ttf/DejaVuSansMono-Oblique.ttf', name='DejaVu Sans Mono', style='oblique', variant='normal', weight=400, stretch='normal', size='scalable')) = 11.05
[DEBUG|font_manager|1483] 2026-06-09T05:05:07+0000: findfont: score(FontEntry(fname='/usr/local/lib/python3.10/site-packages/matplotlib/mpl-data/fonts/ttf/STIXSizFiveSymReg.ttf', name='STIXSizeFiveSym', style='normal', variant='normal', weight=400, stretch='normal', size='scalable')) = 10.05
[DEBUG|font_manager|1483] 2026-06-09T05:05:07+0000: findfont: score(FontEntry(fname='/usr/local/lib/python3.10/site-packages/matplotlib/mpl-data/fonts/ttf/DejaVuSerifDisplay.ttf', name='DejaVu Serif Display', style='normal', variant='normal', weight=400, stretch='normal', size='scalable')) = 10.05
[DEBUG|font_manager|1483] 2026-06-09T05:05:07+0000: findfont: score(FontEntry(fname='/usr/local/lib/python3.10/site-packages/matplotlib/mpl-data/fonts/ttf/cmex10.ttf', name='cmex10', style='normal', variant='normal', weight=400, stretch='normal', size='scalable')) = 10.05
[DEBUG|font_manager|1483] 2026-06-09T05:05:07+0000: findfont: score(FontEntry(fname='/usr/local/lib/python3.10/site-packages/matplotlib/mpl-data/fonts/ttf/STIXGeneralBolIta.ttf', name='STIXGeneral', style='italic', variant='normal', weight=700, stretch='normal', size='scalable')) = 11.335
[DEBUG|font_manager|1483] 2026-06-09T05:05:07+0000: findfont: score(FontEntry(fname='/usr/local/lib/python3.10/site-packages/matplotlib/mpl-data/fonts/ttf/DejaVuSerif-BoldItalic.ttf', name='DejaVu Serif', style='italic', variant='normal', weight=700, stretch='normal', size='scalable')) = 11.335
[DEBUG|font_manager|1515] 2026-06-09T05:05:07+0000: findfont: Matching sans\-serif:style=normal:variant=normal:weight=normal:stretch=normal:size=10.0 to DejaVu Sans ('/usr/local/lib/python3.10/site-packages/matplotlib/mpl-data/fonts/ttf/DejaVuSans.ttf') with score of 0.050000.
[DEBUG|font_manager|1471] 2026-06-09T05:05:07+0000: findfont: Matching sans\-serif:style=normal:variant=normal:weight=normal:stretch=normal:size=12.0.
[DEBUG|font_manager|1483] 2026-06-09T05:05:07+0000: findfont: score(FontEntry(fname='/usr/local/lib/python3.10/site-packages/matplotlib/mpl-data/fonts/ttf/DejaVuSerif-Italic.ttf', name='DejaVu Serif', style='italic', variant='normal', weight=400, stretch='normal', size='scalable')) = 11.05
[DEBUG|font_manager|1483] 2026-06-09T05:05:07+0000: findfont: score(FontEntry(fname='/usr/local/lib/python3.10/site-packages/matplotlib/mpl-data/fonts/ttf/STIXSizFourSymBol.ttf', name='STIXSizeFourSym', style='normal', variant='normal', weight=700, stretch='normal', size='scalable')) = 10.335
[DEBUG|font_manager|1483] 2026-06-09T05:05:07+0000: findfont: score(FontEntry(fname='/usr/local/lib/python3.10/site-packages/matplotlib/mpl-data/fonts/ttf/DejaVuSansMono.ttf', name='DejaVu Sans Mono', style='normal', variant='normal', weight=400, stretch='normal', size='scalable')) = 10.05
[DEBUG|font_manager|1483] 2026-06-09T05:05:07+0000: findfont: score(FontEntry(fname='/usr/local/lib/python3.10/site-packages/matplotlib/mpl-data/fonts/ttf/STIXNonUniIta.ttf', name='STIXNonUnicode', style='italic', variant='normal', weight=400, stretch='normal', size='scalable')) = 11.05
[DEBUG|font_manager|1483] 2026-06-09T05:05:07+0000: findfont: score(FontEntry(fname='/usr/local/lib/python3.10/site-packages/matplotlib/mpl-data/fonts/ttf/DejaVuSerif.ttf', name='DejaVu Serif', style='normal', variant='normal', weight=400, stretch='normal', size='scalable')) = 10.05
[DEBUG|font_manager|1483] 2026-06-09T05:05:07+0000: findfont: score(FontEntry(fname='/usr/local/lib/python3.10/site-packages/matplotlib/mpl-data/fonts/ttf/DejaVuSans-BoldOblique.ttf', name='DejaVu Sans', style='oblique', variant='normal', weight=700, stretch='normal', size='scalable')) = 1.335
[DEBUG|font_manager|1483] 2026-06-09T05:05:07+0000: findfont: score(FontEntry(fname='/usr/local/lib/python3.10/site-packages/matplotlib/mpl-data/fonts/ttf/cmb10.ttf', name='cmb10', style='normal', variant='normal', weight=400, stretch='normal', size='scalable')) = 10.05
[DEBUG|font_manager|1483] 2026-06-09T05:05:07+0000: findfont: score(FontEntry(fname='/usr/local/lib/python3.10/site-packages/matplotlib/mpl-data/fonts/ttf/DejaVuSerif-Bold.ttf', name='DejaVu Serif', style='normal', variant='normal', weight=700, stretch='normal', size='scalable')) = 10.335
[DEBUG|font_manager|1483] 2026-06-09T05:05:07+0000: findfont: score(FontEntry(fname='/usr/local/lib/python3.10/site-packages/matplotlib/mpl-data/fonts/ttf/DejaVuSansDisplay.ttf', name='DejaVu Sans Display', style='normal', variant='normal', weight=400, stretch='normal', size='scalable')) = 10.05
[DEBUG|font_manager|1483] 2026-06-09T05:05:07+0000: findfont: score(FontEntry(fname='/usr/local/lib/python3.10/site-packages/matplotlib/mpl-data/fonts/ttf/DejaVuSans-Oblique.ttf', name='DejaVu Sans', style='oblique', variant='normal', weight=400, stretch='normal', size='scalable')) = 1.05
[DEBUG|font_manager|1483] 2026-06-09T05:05:07+0000: findfont: score(FontEntry(fname='/usr/local/lib/python3.10/site-packages/matplotlib/mpl-data/fonts/ttf/STIXGeneralItalic.ttf', name='STIXGeneral', style='italic', variant='normal', weight=400, stretch='normal', size='scalable')) = 11.05
[DEBUG|font_manager|1483] 2026-06-09T05:05:07+0000: findfont: score(FontEntry(fname='/usr/local/lib/python3.10/site-packages/matplotlib/mpl-data/fonts/ttf/STIXSizFourSymReg.ttf', name='STIXSizeFourSym', style='normal', variant='normal', weight=400, stretch='normal', size='scalable')) = 10.05
[DEBUG|font_manager|1483] 2026-06-09T05:05:07+0000: findfont: score(FontEntry(fname='/usr/local/lib/python3.10/site-packages/matplotlib/mpl-data/fonts/ttf/STIXSizThreeSymReg.ttf', name='STIXSizeThreeSym', style='normal', variant='normal', weight=400, stretch='normal', size='scalable')) = 10.05
[DEBUG|font_manager|1483] 2026-06-09T05:05:07+0000: findfont: score(FontEntry(fname='/usr/local/lib/python3.10/site-packages/matplotlib/mpl-data/fonts/ttf/STIXNonUniBol.ttf', name='STIXNonUnicode', style='normal', variant='normal', weight=700, stretch='normal', size='scalable')) = 10.335
[DEBUG|font_manager|1483] 2026-06-09T05:05:07+0000: findfont: score(FontEntry(fname='/usr/local/lib/python3.10/site-packages/matplotlib/mpl-data/fonts/ttf/cmmi10.ttf', name='cmmi10', style='normal', variant='normal', weight=400, stretch='normal', size='scalable')) = 10.05
[DEBUG|font_manager|1483] 2026-06-09T05:05:07+0000: findfont: score(FontEntry(fname='/usr/local/lib/python3.10/site-packages/matplotlib/mpl-data/fonts/ttf/cmr10.ttf', name='cmr10', style='normal', variant='normal', weight=400, stretch='normal', size='scalable')) = 10.05
[DEBUG|font_manager|1483] 2026-06-09T05:05:07+0000: findfont: score(FontEntry(fname='/usr/local/lib/python3.10/site-packages/matplotlib/mpl-data/fonts/ttf/STIXSizTwoSymBol.ttf', name='STIXSizeTwoSym', style='normal', variant='normal', weight=700, stretch='normal', size='scalable')) = 10.335
[DEBUG|font_manager|1483] 2026-06-09T05:05:07+0000: findfont: score(FontEntry(fname='/usr/local/lib/python3.10/site-packages/matplotlib/mpl-data/fonts/ttf/cmsy10.ttf', name='cmsy10', style='normal', variant='normal', weight=400, stretch='normal', size='scalable')) = 10.05
[DEBUG|font_manager|1483] 2026-06-09T05:05:07+0000: findfont: score(FontEntry(fname='/usr/local/lib/python3.10/site-packages/matplotlib/mpl-data/fonts/ttf/cmss10.ttf', name='cmss10', style='normal', variant='normal', weight=400, stretch='normal', size='scalable')) = 10.05
[DEBUG|font_manager|1483] 2026-06-09T05:05:07+0000: findfont: score(FontEntry(fname='/usr/local/lib/python3.10/site-packages/matplotlib/mpl-data/fonts/ttf/STIXSizThreeSymBol.ttf', name='STIXSizeThreeSym', style='normal', variant='normal', weight=700, stretch='normal', size='scalable')) = 10.335
[DEBUG|font_manager|1483] 2026-06-09T05:05:07+0000: findfont: score(FontEntry(fname='/usr/local/lib/python3.10/site-packages/matplotlib/mpl-data/fonts/ttf/STIXNonUniBolIta.ttf', name='STIXNonUnicode', style='italic', variant='normal', weight=700, stretch='normal', size='scalable')) = 11.335
[DEBUG|font_manager|1483] 2026-06-09T05:05:07+0000: findfont: score(FontEntry(fname='/usr/local/lib/python3.10/site-packages/matplotlib/mpl-data/fonts/ttf/DejaVuSans-Bold.ttf', name='DejaVu Sans', style='normal', variant='normal', weight=700, stretch='normal', size='scalable')) = 0.33499999999999996
[DEBUG|font_manager|1483] 2026-06-09T05:05:07+0000: findfont: score(FontEntry(fname='/usr/local/lib/python3.10/site-packages/matplotlib/mpl-data/fonts/ttf/STIXGeneralBol.ttf', name='STIXGeneral', style='normal', variant='normal', weight=700, stretch='normal', size='scalable')) = 10.335
[DEBUG|font_manager|1483] 2026-06-09T05:05:07+0000: findfont: score(FontEntry(fname='/usr/local/lib/python3.10/site-packages/matplotlib/mpl-data/fonts/ttf/STIXSizTwoSymReg.ttf', name='STIXSizeTwoSym', style='normal', variant='normal', weight=400, stretch='normal', size='scalable')) = 10.05
[DEBUG|font_manager|1483] 2026-06-09T05:05:07+0000: findfont: score(FontEntry(fname='/usr/local/lib/python3.10/site-packages/matplotlib/mpl-data/fonts/ttf/STIXGeneral.ttf', name='STIXGeneral', style='normal', variant='normal', weight=400, stretch='normal', size='scalable')) = 10.05
[DEBUG|font_manager|1483] 2026-06-09T05:05:07+0000: findfont: score(FontEntry(fname='/usr/local/lib/python3.10/site-packages/matplotlib/mpl-data/fonts/ttf/STIXNonUni.ttf', name='STIXNonUnicode', style='normal', variant='normal', weight=400, stretch='normal', size='scalable')) = 10.05
[DEBUG|font_manager|1483] 2026-06-09T05:05:07+0000: findfont: score(FontEntry(fname='/usr/local/lib/python3.10/site-packages/matplotlib/mpl-data/fonts/ttf/DejaVuSansMono-Bold.ttf', name='DejaVu Sans Mono', style='normal', variant='normal', weight=700, stretch='normal', size='scalable')) = 10.335
[DEBUG|font_manager|1483] 2026-06-09T05:05:07+0000: findfont: score(FontEntry(fname='/usr/local/lib/python3.10/site-packages/matplotlib/mpl-data/fonts/ttf/cmtt10.ttf', name='cmtt10', style='normal', variant='normal', weight=400, stretch='normal', size='scalable')) = 10.05
[DEBUG|font_manager|1483] 2026-06-09T05:05:07+0000: findfont: score(FontEntry(fname='/usr/local/lib/python3.10/site-packages/matplotlib/mpl-data/fonts/ttf/STIXSizOneSymReg.ttf', name='STIXSizeOneSym', style='normal', variant='normal', weight=400, stretch='normal', size='scalable')) = 10.05
[DEBUG|font_manager|1483] 2026-06-09T05:05:07+0000: findfont: score(FontEntry(fname='/usr/local/lib/python3.10/site-packages/matplotlib/mpl-data/fonts/ttf/DejaVuSans.ttf', name='DejaVu Sans', style='normal', variant='normal', weight=400, stretch='normal', size='scalable')) = 0.05
[DEBUG|font_manager|1483] 2026-06-09T05:05:07+0000: findfont: score(FontEntry(fname='/usr/local/lib/python3.10/site-packages/matplotlib/mpl-data/fonts/ttf/DejaVuSansMono-BoldOblique.ttf', name='DejaVu Sans Mono', style='oblique', variant='normal', weight=700, stretch='normal', size='scalable')) = 11.335
[DEBUG|font_manager|1483] 2026-06-09T05:05:07+0000: findfont: score(FontEntry(fname='/usr/local/lib/python3.10/site-packages/matplotlib/mpl-data/fonts/ttf/STIXSizOneSymBol.ttf', name='STIXSizeOneSym', style='normal', variant='normal', weight=700, stretch='normal', size='scalable')) = 10.335
[DEBUG|font_manager|1483] 2026-06-09T05:05:07+0000: findfont: score(FontEntry(fname='/usr/local/lib/python3.10/site-packages/matplotlib/mpl-data/fonts/ttf/DejaVuSansMono-Oblique.ttf', name='DejaVu Sans Mono', style='oblique', variant='normal', weight=400, stretch='normal', size='scalable')) = 11.05
[DEBUG|font_manager|1483] 2026-06-09T05:05:07+0000: findfont: score(FontEntry(fname='/usr/local/lib/python3.10/site-packages/matplotlib/mpl-data/fonts/ttf/STIXSizFiveSymReg.ttf', name='STIXSizeFiveSym', style='normal', variant='normal', weight=400, stretch='normal', size='scalable')) = 10.05
[DEBUG|font_manager|1483] 2026-06-09T05:05:07+0000: findfont: score(FontEntry(fname='/usr/local/lib/python3.10/site-packages/matplotlib/mpl-data/fonts/ttf/DejaVuSerifDisplay.ttf', name='DejaVu Serif Display', style='normal', variant='normal', weight=400, stretch='normal', size='scalable')) = 10.05
[DEBUG|font_manager|1483] 2026-06-09T05:05:07+0000: findfont: score(FontEntry(fname='/usr/local/lib/python3.10/site-packages/matplotlib/mpl-data/fonts/ttf/cmex10.ttf', name='cmex10', style='normal', variant='normal', weight=400, stretch='normal', size='scalable')) = 10.05
[DEBUG|font_manager|1483] 2026-06-09T05:05:07+0000: findfont: score(FontEntry(fname='/usr/local/lib/python3.10/site-packages/matplotlib/mpl-data/fonts/ttf/STIXGeneralBolIta.ttf', name='STIXGeneral', style='italic', variant='normal', weight=700, stretch='normal', size='scalable')) = 11.335
[DEBUG|font_manager|1483] 2026-06-09T05:05:07+0000: findfont: score(FontEntry(fname='/usr/local/lib/python3.10/site-packages/matplotlib/mpl-data/fonts/ttf/DejaVuSerif-BoldItalic.ttf', name='DejaVu Serif', style='italic', variant='normal', weight=700, stretch='normal', size='scalable')) = 11.335
[DEBUG|font_manager|1515] 2026-06-09T05:05:07+0000: findfont: Matching sans\-serif:style=normal:variant=normal:weight=normal:stretch=normal:size=12.0 to DejaVu Sans ('/usr/local/lib/python3.10/site-packages/matplotlib/mpl-data/fonts/ttf/DejaVuSans.ttf') with score of 0.050000.
[INFO|train|171] 2026-06-09T05:05:07+0000: 
Training complete.
[INFO|train|172] 2026-06-09T05:05:07+0000: Best epoch:      11
[INFO|train|173] 2026-06-09T05:05:07+0000: Best val acc:    74.5370
[INFO|train|174] 2026-06-09T05:05:07+0000: Best val loss:   1.6086
[INFO|train|175] 2026-06-09T05:05:07+0000: Train acc @ best:100.0000
[INFO|train|176] 2026-06-09T05:05:07+0000: Artifacts saved to: /app/outputs/7replicator_phase3/run_20260609_045730_ffa6
